This document uses doctest to test matrix_divided function

First, we import the function
>>> matrix_divided = __import__('2-matrix_divided').matrix_divided

Now, we try the function

>>> matrix_divided([[1,2], [3, 4]], 2)
[[0.5, 1.0], [1.5, 2.0]]

passing non-list value

>>> matrix_divided(3, -2)
Traceback (most recent call last):
...
TypeError: matrix must be a matrix (list of lists) of integers/floats

trying a list of numbers not lists

>>> matrix_divided([-1, 3], 2)
Traceback (most recent call last):
...
TypeError: matrix must be a matrix (list of lists) of integers/floats

trying non-equal row sizes

>>> matrix_divided([[1.0, -13], [15]], 3.0)
Traceback (most recent call last):
...
TypeError: Each row of the matrix must have the same size

try dividing by not a number value

>>> matrix_divided([[1,2], [3, 4]], '3')
Traceback (most recent call last):
...
TypeError: div must be a number

try dividing by zero

>>> matrix_divided([[1,2], [3, 4]], 0)
Traceback (most recent call last):
...
ZeroDivisionError: division by zero
